41002   
41004   
41008   
41009   
41010   
41013   
41024   
41029   
41033   
41037   
41038   
41040   
41041   
41043   
41044   
41046   
41047   
41049   
41052   
41053   
41056   
41064   
41108   
41110   
41112   
41113   
41114   
41115   
41117   
41159   
42002   
42003   
42012   
42013   
42019   
42020   
42022   
42023   
42035   
42040   
42043   
42044   
42045   
42047   
42055   
42057   
42060   
42085   
42097   
42098   
42099   
42360   
42395   
44005   
44007   
44009   
44013   
44014   
44017   
44018   
44020   
44022   
44025   
44027   
44029   
44030   
44032   
44033   
44034   
44037   
44039   
44040   
44042   
44056   
44058   
44064   
44065   
44066   
44072   
44086   
44087   
44089   
44090   
44091   
44097   
44098   
44099   
46001   
46002   
46005   
46006   
46011   
46013   
46014   
46022   
46025   
46026   
46027   
46028   
46029   
46035   
46041   
46042   
46047   
46050   
46053   
46054   
46059   
46060   
46061   
46066   
46069   
46072   
46073   
46075   
46076   
46077   
46078   
46080   
46081   
46082   
46083   
46084   
46085   
46086   
46087   
46088   
46089   
46092   
46097   
46099   
46100   
46108   
46114   
46118   
46120   
46121   
46125   
46211   
46213   
46214   
46215   
46217   
46218   
46219   
46221   
46222   
46224   
46225   
46232   
46235   
46237   
46239   
46240   
46243   
46244   
46246   
46248   
46251   
46253   
46254   
46256   
46258   
46259   
46264   
51000   
51001   
51002   
51004   
51101   
51202   
51205   
51207   
51208   
51209   
51210   
51211   
51212   
51213   
52200   
52202   
AAMC1   
ACYN4   
ADKA2   
AGCM4   
AGXC1   
AJXA2   
ALIA2   
ALXN6   
AMAA2   
AMRL1   
ANPT2   
ANTA2   
ANVC1   
APAM2   
APCF1   
APNM4   
APRP7   
AROP4   
ARPF1   
ASTO3   
ATGM1   
ATKA2   
AUGA2   
AWRT2   
BABT2   
BARA9   
BATN6   
BAXC1   
BDRN4   
BDSP1   
BDVF1   
BEPB6   
BFTN7   
BGCF1   
BGNN4   
BHBM3   
BHRI3   
BIGM4   
BISM2   
BKTL1   
BKYF1   
BLIA2   
BLIF1   
BLTM2   
BLTM3   
BNKF1   
BOBF1   
BRHC3   
BRND1   
BSBM4   
BSCA1   
BUFN6   
BURL1   
BUZM3   
BWSF1   
BYGL1   
BZBM3   
BZST2   
CAMM2   
CANF1   
CAPL1   
CARL1   
CASM1   
CBLO1   
CBRW3   
CDRF1   
CECC1   
CFWM1   
CHAO3   
CHAV3   
CHBV2   
CHCM2   
CHDS1   
CHII2   
CHSV3   
CHTS1   
CHYV2   
CHYW1   
CLBF1   
CLBP4   
CLKN7   
CLSM4   
CMAN4   
CMTI2   
CNBF1   
CNDO1   
CNII2   
COVM2   
CPMW1   
CPTR1   
CPVM2   
CPXC1   
CRTA1   
CRVA2   
CRYV2   
CSPA2   
CWAF1   
CWBF1   
DBLN6   
DELD1   
DESW1   
DISW3   
DKKF1   
DMSF1   
DOMV2   
DPIA1   
DPXC1   
DRFA2   
DTLM4   
DUKN7   
DULM5   
EBSW1   
EINL1   
ELFA2   
EMAT2   
EPTT2   
EREP1   
ERXA2   
ESPP4   
FAIO1   
FBIS1   
FCGT2   
FFIA2   
FHPF1   
FILA2   
FMOA1   
FMRF1   
FOXR1   
FPKG1   
FPST2   
FPTM4   
FRCB6   
FRDF1   
FRDW1   
FREL1   
FRFN7   
FRVM3   
FRWL1   
FRXM3   
FSKM2   
FSNM2   
FSTI2   
FTGM4   
FTPC1   
FWYF1   
GBIF1   
GBTF1   
GCTF1   
GDMM5   
GISL1   
GIXA2   
GKYF1   
GNJT2   
GRIM4   
GRMM4   
GRRT2   
GSLM4   
GTLM4   
GTOT2   
GTRM4   
GUXA2   
HAXA2   
HBYC1   
HCEF1   
HCGN7   
HHLO1   
HIST2   
HLNM4   
HMSA2   
HRBM4   
HREF1   
HRVC1   
ICAC1   
ICYA2   
ILOH1   
IOSN3   
IRDT2   
ITKA2   
JAKI2   
JKYF1   
JLXA2   
JMLA2   
JMPN7   
JNEA2   
KATA1   
KDAA2   
KECA2   
KEXA2   
KGCA2   
KLIH1   
KNSW3   
KPTN6   
KPTV2   
KTNF1   
KWHH1   
KWJP8   
KWNW3   
KYWF1   
LAMV3   
LAPW1   
LBSF1   
LCLL1   
LCNA2   
LDLC3   
LDTM4   
LIXA2   
LJAC1   
LJPC1   
LKWF1   
LMDF1   
LMFS1   
LMRF1   
LNDC1   
LONF1   
LOPL1   
LOPW1   
LORO1   
LPNM4   
LRIF1   
LRKF1   
LSNF1   
LTBV3   
LTJF1   
LTRM4   
LUIT2   
LWSD1   
LWTV2   
MACM4   
MBET2   
MBLA1   
MBPA1   
MBRM4   
MCGA1   
MCGM4   
MCYF1   
MCYI3   
MDKF1   
MDRM1   
MEYC1   
MGIP4   
MGPT2   
MGZP4   
MHPA1   
MHRN6   
MISM1   
MISP4   
MKGM4   
MLRF1   
MLSC1   
MLWW3   
MNMM4   
MNPV2   
MOKH1   
MQTT2   
MRCP1   
MRHO1   
MRKA2   
MRNA2   
MRSL1   
MRYA2   
MTBF1   
MTKN6   
MUKF1   
MVXA2   
MXXA2   
MYPF1   
MZXC1   
NABM4   
NBBA3   
NBLP1   
NCDV2   
NCHT2   
NEAW1   
NIAN6   
NKLA2   
NKTA2   
NKXA2   
NLMA3   
NLNC3   
NMTA2   
NPDW3   
NPSF1   
NRRF1   
NSTP6   
NTBC1   
NTKM3   
NUET2   
NWCL1   
NWHC3   
NWPO3   
NWPR1   
NWWH1   
OBGN6   
OBLA1   
OBXC1   
OCIM2   
OCSM2   
OHBC1   
OKXC1   
OLCN6   
OLSA2   
OMHC1   
OOUH1   
OPTF1   
ORIN7   
OSGN6   
OVIA2   
PACF1   
PACT2   
PAXA2   
PBPA2   
PCBF1   
PCGT2   
PCLF1   
PCLM4   
PCNT2   
PCOC1   
PEGF1   
PFDC1   
PFXC1   
PGBP7   
PGXA2   
PHBP1   
PILA2   
PILL1   
PILM4   
PKYF1   
PLSF1   
PLXA2   
PMAF1   
PMNT2   
PNLM4   
PNLM6   
PORO3   
PORT2   
POTA2   
PPTA1   
PPTM2   
PPXC1   
PRDA2   
PRJC1   
PRYC1   
PSBC1   
PSBM1   
PSCM4   
PSLC1   
PSTL1   
PSTN6   
PSXC1   
PTAT2   
PTAW1   
PTBM6   
PTCR1   
PTGC1   
PTIM4   
PTIT2   
PTLA2   
PTOA1   
PTRP4   
PTWW1   
PVDR1   
PVGF1   
PWAW3   
PXAC1   
PXOC1   
PXSC1   
QPTR1   
RCKM4   
RCMC1   
RCPT2   
RCRN6   
RCYF1   
RDDA2   
RDYD1   
RIXA2   
RLIT2   
RLOT2   
ROAM4   
ROBN4   
RPLV2   
RPRN6   
RSJT2   
RTAT2   
RTYC1   
SANF1   
SAPF1   
SAUF1   
SBBN2   
SBEO3   
SBIO1   
SBLM4   
SBPT2   
SCXA2   
SDBC1   
SDHN4   
SDIA2   
SDRT2   
SGNT2   
SGNW3   
SGOF1   
SHBL1   
SHPF1   
SHXA2   
SIPF1   
SISW1   
SJNP4   
SJOM4   
SJSN4   
SKTA2   
SKXA2   
SLIM2   
SLMN2   
SLXA2   
SMKF1   
SNDA2   
SNDP5   
SPGF1   
SPLL1   
SREF1   
SRLM4   
SRST2   
STDM4   
STXA2   
SVNM4   
SWLA2   
SWPM4   
SWPV2   
SXHW3   
TAQT2   
TAWM4   
TBIM4   
TBYF1   
TCBM2   
TCMW1   
TCNW1   
TCVF1   
TESL1   
THLO1   
THRF1   
THRO1   
TIBC1   
TKEA2   
TLBO3   
TOKW1   
TPAF1   
TPEF1   
TPLM2   
TRDF1   
TRRF1   
TSHF1   
TWCO1   
TXPT2   
ULRA2   
UNLA2   
UPBC1   
VAKF1   
VBBA3   
VCAF1   
VCAT2   
VCVA2   
VDZA2   
VENF1   
WAHV2   
WAKP8   
WASD2   
WATS1   
WBYA1   
WDSV2   
WELM1   
WFPM4   
WHRI2   
WIWF1   
WLON7   
WNEM4   
WPLF1   
WPOW1   
WPTW1   
WRBF1   
WWEF1   
WYCM6   
YABP4   
YATA2   
YGNN6   
YKRV2   
YKTV2   
