AROC2   
ASFW1   
BADM8   
BDDA3   
BEAM8   
BEVM8   
BGSW4   
BITW4   
BLBM8   
BLDW4   
BLHM3   
BLKC2   
BLKU1   
BLOM8   
BLTW4   
BLWW4   
BONI1   
BONO3   
BONW4   
BOXM8   
BPRC2   
BPTC1   
BRCW4   
BRLM8   
BRYU1   
BSCM8   
BSDW4   
BSKM8   
BSRW4   
BTNW4   
BTSC2   
BULA3   
CAAW    
CABB    
CABF    
CABI1   
CABR    
CABT    
CACP    
CACQ    
CADS    
CAFC    
CAFY    
CAHD    
CAHK    
CAHR    
CAHW    
CAJT    
CAJW    
CAMS    
CANW4   
CAOH    
CAOS    
CAPR    
CAQY    
CARP    
CAVA    
CAWR    
CBBC    
CBNC2   
CBUC2   
CDNO3   
CDP9    
CERM    
CFE9    
CFQ9    
CGL9    
CHMN5   
CHNA3   
CHUC1   
CKT9    
CLCM8   
CLVM8   
CMAN    
CMBB    
CMBR    
CMCT    
CMCW    
CMDM8   
CMFM    
CMGB    
CMHB    
CMHN    
CMHW    
CMI9    
CMIN    
CMLA    
CMLI    
CMLT    
CMLU    
CMMY    
CMPD    
CMPL    
CMRF    
CMRG    
CMRI    
CMRU    
CMRY    
CMSB    
CMSC    
CMSI    
CMSR    
CMSX    
CMTH    
CMWD    
CMYT    
CNBB    
CNCD    
CNCO    
CND9    
CNDT    
CNGC    
CNGH    
CNLB    
CNLD    
CNNR    
CNPK    
CNTK    
CNU9    
CNVQ    
COLC2   
COPC2   
COPM8   
COSW4   
COWI1   
CPBE    
CPBQ2   
CPBT    
CPCM8   
CPEH    
CPFI    
CPGL    
CPIF    
CPIL    
CPIR    
CPMC2   
CPOX    
CPQL    
CPQW    
CPRO    
CPRY    
CPST    
CPSV    
CPXL    
CRAC2   
CRBC2   
CRLO3   
CRRM8   
CRSQ2   
CRYM8   
CSPW4   
CTAE    
CTAG    
CTAL    
CTBO    
CTBT    
CTCK    
CTCW    
CTGT    
CTKG    
CTKR    
CTMS    
CTNK    
CTPM    
CTPQ    
CTRA    
CTTR    
CTWL    
CTWN    
CTXR    
CTZE    
CTZR    
CUVW    
CVAS    
CVBB    
CVLY    
CVOB    
CVOC    
CVOD    
CVOE    
CVOG    
CVOH    
CVOI    
CVOJ    
CVOM    
CVOO    
CVOP    
CVOQ    
CVOU    
CVOW    
CVOY    
CVQZ    
CVSL    
CVTS    
CVXS    
CVXY    
CWAB    
CWAD    
CWAE    
CWAF    
CWAG    
CWAH    
CWAJ    
CWAN    
CWAQ    
CWAQ    
CWAR    
CWAS    
CWAU    
CWAV    
CWAX    
CWAY    
CWBA    
CWBA    
CWBD    
CWBD    
CWBE    
CWBF    
CWBF    
CWBI    
CWBJ    
CWBK    
CWBL    
CWBM    
CWBO    
CWBS    
CWBT    
CWBU    
CWBV    
CWBX    
CWBY    
CWBZ    
CWCA    
CWCD    
CWCF    
CWCH    
CWCI    
CWCJ    
CWCL    
CWCO    
CWCP    
CWCP    
CWCQ    
CWCS    
CWCT    
CWCU    
CWCV    
CWCZ    
CWDA    
CWDC    
CWDD    
CWDD    
CWDE    
CWDF    
CWDH    
CWDI    
CWDJ    
CWDJ    
CWDK    
CWDL    
CWDM    
CWDN    
CWDO    
CWDP    
CWDQ    
CWDQ    
CWDR    
CWDT    
CWDU    
CWDV    
CWDZ    
CWEA    
CWEB    
CWEC    
CWEF    
CWEH    
CWEI    
CWEI    
CWEK    
CWEL    
CWEL    
CWEM    
CWEO    
CWEP    
CWEQ    
CWER    
CWES    
CWEU    
CWEW    
CWEZ    
CWFD    
CWFE    
CWFF    
CWFG    
CWFJ    
CWFL    
CWFM    
CWFN    
CWFO    
CWFO    
CWFP    
CWFQ    
CWFW    
CWFX    
CWFY    
CWFZ    
CWGB    
CWGB    
CWGD    
CWGF    
CWGG    
CWGH    
CWGL    
CWGM    
CWGM    
CWGN    
CWGP    
CWGQ    
CWGQ    
CWGR    
CWGT    
CWGW    
CWGX    
CWGY    
CWGZ    
CWHA    
CWHA    
CWHC    
CWHH    
CWHI    
CWHJ    
CWHL    
CWHL    
CWHM    
CWHN    
CWHO    
CWHP    
CWHQ    
CWHT    
CWHV    
CWHW    
CWHY    
CWIB    
CWIC    
CWID    
CWIF    
CWIG    
CWII    
CWIJ    
CWIK    
CWIL    
CWIP    
CWIQ    
CWIS    
CWIT    
CWIW    
CWIX    
CWIX    
CWIY    
CWIZ    
CWJA    
CWJB    
CWJC    
CWJD    
CWJG    
CWJH    
CWJI    
CWJL    
CWJN    
CWJO    
CWJR    
CWJT    
CWJU    
CWJV    
CWJW    
CWJX    
CWKB    
CWKC    
CWKD    
CWKE    
CWKG    
CWKH    
CWKK    
CWKM    
CWKO    
CWKP    
CWKS    
CWKS    
CWKV    
CWKW    
CWKX    
CWLA    
CWLB    
CWLC    
CWLE    
CWLF    
CWLG    
CWLI    
CWLJ    
CWLM    
CWLO    
CWLP    
CWLS    
CWLT    
CWLU    
CWLV    
CWLX    
CWLY    
CWMD    
CWME    
CWMI    
CWMJ    
CWMM    
CWMN    
CWMP    
CWMQ    
CWMR    
CWMS    
CWMT    
CWMX    
CWMZ    
CWNB    
CWNC    
CWND    
CWND    
CWNE    
CWNH    
CWNI    
CWNJ    
CWNK    
CWNK    
CWNL    
CWNM    
CWNP    
CWNQ    
CWNR    
CWNS    
CWNV    
CWNZ    
CWOB    
CWOC    
CWOD    
CWOE    
CWOH    
CWOI    
CWOJ    
CWOK    
CWON    
CWOO    
CWOP    
CWOQ    
CWOU    
CWOV    
CWOW    
CWOY    
CWPB    
CWPC    
CWPC    
CWPD    
CWPE    
CWPF    
CWPG    
CWPI    
CWPJ    
CWPK    
CWPL    
CWPN    
CWPO    
CWPQ    
CWPR    
CWPS    
CWPU    
CWPX    
CWPZ    
CWQB    
CWQC    
CWQD    
CWQF    
CWQG    
CWQH    
CWQK    
CWQL    
CWQM    
CWQO    
CWQP    
CWQQ    
CWQR    
CWQS    
CWQV    
CWQW    
CWQY    
CWQZ    
CWRA    
CWRC    
CWRD    
CWRF    
CWRH    
CWRJ    
CWRK    
CWRM    
CWRN    
CWRO    
CWRP    
CWRR    
CWRT    
CWRU    
CWRV    
CWRX    
CWRY    
CWRZ    
CWSA    
CWSB    
CWSD    
CWSF    
CWSG    
CWSI    
CWSK    
CWSL    
CWSP    
CWSP    
CWSQ    
CWSR    
CWSR    
CWSS    
CWST    
CWSU    
CWSV    
CWSW    
CWSY    
CWSZ    
CWTA    
CWTC    
CWTD    
CWTE    
CWTG    
CWTH    
CWTI    
CWTL    
CWTN    
CWTQ    
CWTS    
CWTT    
CWTU    
CWTW    
CWTY    
CWTZ    
CWUK    
CWUM    
CWUP    
CWUR    
CWUS    
CWUT    
CWUU    
CWUW    
CWUX    
CWUY    
CWUZ    
CWVA    
CWVB    
CWVC    
CWVD    
CWVE    
CWVF    
CWVG    
CWVH    
CWVI    
CWVK    
CWVM    
CWVN    
CWVO    
CWVP    
CWVQ    
CWVT    
CWVU    
CWVV    
CWVW    
CWVY    
CWVZ    
CWWA    
CWWB    
CWWC    
CWWE    
CWWF    
CWWK    
CWWL    
CWWN    
CWWO    
CWWP    
CWWQ    
CWWS    
CWWU    
CWWU    
CWWX    
CWWZ    
CWXA    
CWXB    
CWXC    
CWXF    
CWXG    
CWXH    
CWXI    
CWXK    
CWXL    
CWXN    
CWXO    
CWXP    
CWXR    
CWXS    
CWXV    
CWXV    
CWXZ    
CWYE    
CWYF    
CWYH    
CWYI    
CWYJ    
CWYK    
CWYL    
CWYM    
CWYO    
CWYQ    
CWYW    
CWYY    
CWZA    
CWZB    
CWZE    
CWZF    
CWZG    
CWZL    
CWZL    
CWZM    
CWZN    
CWZO    
CWZQ    
CWZR    
CWZS    
CWZT    
CWZU    
CWZV    
CWZW    
CWZZ    
CXAF    
CXAG    
CXAJ    
CXAK    
CXAR    
CXAT    
CXBA    
CXBD    
CXBI    
CXBK    
CXBL    
CXBO    
CXBP    
CXBQ    
CXBR    
CXBW    
CXCA    
CXCD    
CXCH    
CXCK    
CXCM    
CXCP    
CXCS    
CXCY    
CXDB    
CXDE    
CXDI    
CXDK    
CXDP    
CXDW    
CXEA    
CXEC    
CXEG    
CXEL    
CXET    
CXFA    
CXFB    
CXFM    
CXFR    
CXFV    
CXGD    
CXGH    
CXGM    
CXHA    
CXHD    
CXHF    
CXHI    
CXHM    
CXHP    
CXHR    
CXIB    
CXKA    
CXKE    
CXKI    
CXKM    
CXKT    
CXLB    
CXLC    
CXLL    
CXLT    
CXLU    
CXMD    
CXMG    
CXMI    
CXMM    
CXMN    
CXMO    
CXMP    
CXMW    
CXMY    
CXND    
CXNM    
CXNP    
CXOA    
CXOL    
CXOX    
CXOY    
CXPA    
CXPC    
CXPL    
CXPS    
CXPV    
CXQA    
CXQH    
CXQT    
CXRB    
CXRG    
CXRH    
CXRL    
CXSC    
CXSE    
CXSH    
CXSL    
CXSP    
CXSR    
CXSW    
CXTD    
CXTH    
CXTL    
CXTN    
CXTO    
CXTP    
CXTV    
CXUX    
CXVG    
CXVM    
CXVN    
CXVW    
CXWB    
CXWF    
CXWM    
CXWN    
CXWR    
CXWT    
CXXX    
CXYH    
CXZC    
CXZU    
CXZV    
CYAD    
CYAE    
CYAH    
CYAJ    
CYAM    
CYAS    
CYAT    
CYAV    
CYAW    
CYAY    
CYAZ    
CYBA    
CYBB    
CYBC    
CYBD    
CYBD    
CYBE    
CYBG    
CYBK    
CYBL    
CYBN    
CYBQ    
CYBR    
CYBS    
CYBT    
CYBU    
CYBV    
CYBW    
CYBX    
CYCA    
CYCB    
CYCD    
CYCG    
CYCH    
CYCJ    
CYCK    
CYCL    
CYCO    
CYCP    
CYCQ    
CYCS    
CYCT    
CYCX    
CYCY    
CYDA    
CYDB    
CYDC    
CYDF    
CYDH    
CYDL    
CYDN    
CYDP    
CYDQ    
CYDR    
CYEC    
CYED    
CYEG    
CYEI    
CYEK    
CYEL    
CYEN    
CYEO    
CYEP    
CYER    
CYET    
CYEU    
CYEV    
CYFB    
CYFC    
CYFL    
CYFN    
CYFO    
CYFR    
CYFS    
CYFT    
CYGA    
CYGC    
CYGD    
CYGE    
CYGH    
CYGK    
CYGL    
CYGM    
CYGP    
CYGQ    
CYGR    
CYGT    
CYGV    
CYGW    
CYGX    
CYGY    
CYHA    
CYHB    
CYHD    
CYHE    
CYHH    
CYHI    
CYHK    
CYHM    
CYHU    
CYHY    
CYHZ    
CYIB    
CYIC    
CYID    
CYIK    
CYIN    
CYIO    
CYIV    
CYIX    
CYJA    
CYJF    
CYJT    
CYKA    
CYKC    
CYKD    
CYKF    
CYKG    
CYKJ    
CYKL    
CYKO    
CYKP    
CYKQ    
CYKY    
CYKZ    
CYLA    
CYLB    
CYLC    
CYLD    
CYLH    
CYLJ    
CYLK    
CYLL    
CYLT    
CYLU    
CYLW    
CYMA    
CYMD    
CYMH    
CYMJ    
CYMM    
CYMO    
CYMT    
CYMU    
CYMW    
CYMX    
CYNA    
CYNC    
CYND    
CYNE    
CYNM    
CYOA    
CYOC    
CYOD    
CYOJ    
CYOO    
CYOW    
CYOX    
CYOY    
CYPA    
CYPB    
CYPC    
CYPD    
CYPE    
CYPG    
CYPH    
CYPL    
CYPN    
CYPO    
CYPQ    
CYPR    
CYPW    
CYPX    
CYPY    
CYPZ    
CYQA    
CYQB    
CYQD    
CYQF    
CYQG    
CYQH    
CYQI    
CYQK    
CYQL    
CYQM    
CYQQ    
CYQR    
CYQT    
CYQU    
CYQV    
CYQW    
CYQX    
CYQY    
CYQZ    
CYRA    
CYRA    
CYRB    
CYRH    
CYRJ    
CYRL    
CYRM    
CYRQ    
CYRQ    
CYRT    
CYRV    
CYSA    
CYSB    
CYSC    
CYSD    
CYSF    
CYSJ    
CYSK    
CYSL    
CYSM    
CYSN    
CYSR    
CYSU    
CYSY    
CYTC    
CYTE    
CYTH    
CYTJ    
CYTL    
CYTN    
CYTQ    
CYTR    
CYTS    
CYTZ    
CYUA    
CYUB    
CYUH    
CYUI    
CYUJ    
CYUK    
CYUL    
CYUQ    
CYUR    
CYUS    
CYUT    
CYUV    
CYUW    
CYUX    
CYUY    
CYUZ    
CYVB    
CYVC    
CYVG    
CYVL    
CYVM    
CYVM    
CYVN    
CYVO    
CYVP    
CYVQ    
CYVR    
CYVT    
CYVV    
CYWA    
CYWE    
CYWG    
CYWH    
CYWJ    
CYWK    
CYWL    
CYWO    
CYWO    
CYWR    
CYWY    
CYXC    
CYXD    
CYXE    
CYXH    
CYXJ    
CYXL    
CYXN    
CYXP    
CYXQ    
CYXR    
CYXS    
CYXT    
CYXU    
CYXX    
CYXY    
CYXZ    
CYYB    
CYYC    
CYYD    
CYYE    
CYYF    
CYYG    
CYYH    
CYYJ    
CYYL    
CYYN    
CYYQ    
CYYR    
CYYT    
CYYU    
CYYW    
CYYY    
CYYZ    
CYZD    
CYZE    
CYZF    
CYZG    
CYZH    
CYZP    
CYZR    
CYZS    
CYZT    
CYZU    
CYZV    
CYZW    
CYZX    
CYZY    
CZBF    
CZBG    
CZBH    
CZBI    
CZBJ    
CZBL    
CZBN    
CZBO    
CZBQ    
CZBR    
CZCP    
CZCR    
CZCY    
CZDB    
CZDY    
CZEL    
CZEM    
CZEV    
CZFA    
CZFM    
CZFN    
CZFS    
CZGH    
CZHB    
CZHK    
CZHY    
CZKA    
CZKD    
CZLT    
CZMD    
CZMJ    
CZMT    
CZMU    
CZOC    
CZOL    
CZPC    
CZPK    
CZPN    
CZPS    
CZRP    
CZSJ    
CZSM    
CZSP    
CZST    
CZTB    
CZUB    
CZUE    
CZUG    
CZUM    
CZVL    
CZVM    
CZWN    
CZZJ    
DAZM8   
DCDQ2   
DDMC2   
DDMM8   
DHLM8   
DIAW1   
DIVM8   
DLLC2   
DMLW4   
DPYM8   
DRBM8   
DTTO3   
DVDW4   
DWRI1   
EKPW4   
ELKC2   
ELKI1   
FDLQ2   
FMTC2   
FNEQ2   
FQRQ2   
FRHM8   
FSHM8   
FSHU1   
FTMM8   
GA45    
GCNA3   
GEBQ2   
GLKC2   
GLWC2   
GNFC1   
GOVO3   
GPSO3   
GRCI1   
GRPQ2   
GVSW4   
HBRU1   
HGHM8   
HNSW4   
HOOC2   
HOOM8   
HOXO3   
HQSI1   
IDPC2   
IPDI1   
ISLI1   
JDRO3   
K01R    
K04V    
K04W    
K06D    
K08D    
K0A9    
K0CO    
K0E0    
K0E4    
K0F2    
K0J4    
K0R3    
K0V4    
K0VG    
K10M    
K11J    
K11R    
K12N    
K13A    
K14B    
K14Y    
K18N    
K19A    
K1A5    
K1A6    
K1A9    
K1F0    
K1H2    
K1J0    
K1J1    
K1J3    
K1K1    
K1L0    
K1M4    
K1O5    
K1P1    
K1R7    
K1S5    
K1U7    
K1V4    
K1V5B   
K1V6    
K1YT    
K20S    
K20U    
K20V    
K21D    
K243M   
K24J    
K27A    
K27D    
K27U    
K28J    
K29G    
K2C2    
K2C8    
K2D5    
K2DP    
K2F8    
K2G4    
K2G9    
K2I0    
K2J9    
K2V5    
K2W6    
K2WX    
K33V    
K36U    
K38S    
K3A1    
K3A6    
K3AU    
K3B2    
K3BS    
K3D2    
K3DU    
K3HT    
K3I2    
K3J7    
K3K3    
K3LF    
K3MW    
K3N8    
K3RN    
K3S8    
K3S9    
K3T5    
K3TH    
K3V9    
K40B    
K40J    
K42J    
K45J    
K45N    
K46D    
K47A    
K48I    
K49J    
K4A6    
K4A9    
K4BK    
K4BL    
K4BM    
K4BQ    
K4CR    
K4DG    
K4HA    
K4HV    
K4I3    
K4I7    
K4LW    
K4M9    
K4MC    
K4MR    
K4MY    
K4O4    
K4R4    
K4SL    
K4SV    
K4UK    
K51Q    
K53S    
K54J    
K55N    
K5A6    
K5C1    
K5H4    
K5I3    
K5J0    
K5M9    
K5R8    
K5SM    
K5T9    
K61N    
K62W    
K63W    
K64W    
K65S    
K65W    
K66R    
K66W    
K67W    
K6A2    
K6B0    
K6B2    
K6B8    
K6I2    
K6L4    
K6R3    
K6R6    
K6V1    
K6V3    
K75S    
K76S    
K77M    
K79J    
K79W    
K7A7    
K7A9    
K7BM    
K7L2    
K7TB    
K7W4    
K82C    
K82V    
K84S    
K85D    
K87Q    
K87S    
K89Q    
K8A0    
K8D3    
K8R0    
K8R3    
K8R7    
K8R9    
K8S0    
K8W2    
K91M    
K92S    
K95Q    
K95S    
K96D    
K9A1    
K9A4    
K9BB    
K9D7    
K9L2    
K9MN    
K9S4    
K9V9    
KA08    
KAAA    
KAAF    
KAAO    
KAAT    
KABE    
KABH    
KABI    
KABQ    
KABR    
KABY    
KACB    
KACJ    
KACK    
KACP    
KACQ    
KACT    
KACV    
KACY    
KADC    
KADF    
KADF    
KADG    
KADH    
KADM    
KADS    
KADU    
KADW    
KAEG    
KAEJ    
KAEL    
KAEX    
KAFF    
KAFJ    
KAFK    
KAFN    
KAFO    
KAFP    
KAFW    
KAGC    
KAGR    
KAGS    
KAHN    
KAHQ    
KAIA    
KAIB    
KAID    
KAIG    
KAIK    
KAIO    
KAIT    
KAIZ    
KAJG    
KAJO    
KAJZ    
KAKH    
KAKO    
KAKQ    
KAKR    
KALB    
KALI    
KALK    
KALLN   
KALM    
KALN    
KALO    
KALS    
KALW    
KALX    
KALY    
KAMA    
KAMG    
KAMN    
KAMW    
KANB    
KAND    
KANE    
KANJ    
KANK    
KANW    
KAOH    
KAOO    
KAPA    
KAPC    
KAPF    
KAPG    
KAPN    
KAPX    
KAPY    
KAQO    
KAQP    
KAQR    
KAQV    
KAQW    
KAQX    
KARA    
KARB    
KARG    
KARM    
KARR    
KART    
KARV    
KARW    
KARX    
KASD    
KASE    
KASG    
KASH    
KASJ    
KASL    
KASN    
KAST    
KASW    
KASX    
KAT2    
KATL    
KATP    
KATS    
KATT    
KATW    
KATY    
KAUB    
KAUG    
KAUH    
KAUM    
KAUN    
KAUO    
KAUS    
KAUW    
KAVC    
KAVK    
KAVL    
KAVP    
KAVQ    
KAVX    
KAWG    
KAWH    
KAWM    
KAWO    
KAXA    
KAXH    
KAXN    
KAXS    
KAXV    
KAXX    
KAYE    
KAYS    
KAZC    
KAZE    
KAZO    
KB20    
KBAB    
KBAC    
KBAD    
KBAF    
KBAK    
KBAM    
KBAN    
KBARD   
KBAX    
KBAZ    
KBBB    
KBBD    
KBBF    
KBBG    
KBBP    
KBBW    
KBCB    
KBCE    
KBCK    
KBCT    
KBDE    
KBDF    
KBDFD   
KBDG    
KBDH    
KBDL    
KBDN    
KBDR    
KBDU    
KBEA    
KBEAR   
KBED    
KBEH    
KBELD   
KBERE   
KBFD    
KBFF    
KBFI    
KBFL    
KBFM    
KBFW    
KBGD    
KBGE    
KBGF    
KBGM    
KBGR    
KBGS    
KBHB    
KBHC    
KBHK    
KBHM    
KBID    
KBIE    
KBIF    
KBIH    
KBIJ    
KBIL    
KBIS    
KBIV    
KBIX    
KBJC    
KBJI    
KBJJ    
KBJN    
KBKB    
KBKD    
KBKE    
KBKF    
KBKL    
KBKN    
KBKS    
KBKT    
KBKV    
KBKW    
KBKX    
KBLAK   
KBLF    
KBLFN   
KBLH    
KBLI    
KBLM    
KBLU    
KBLV    
KBMC    
KBMG    
KBMI    
KBML    
KBMQ    
KBMT    
KBMX    
KBN9    
KBNA    
KBNL    
KBNO    
KBNW    
KBNY    
KBOI    
KBOK    
KBOS    
KBOU    
KBOW    
KBOX    
KBPC    
KBPG    
KBPI    
KBPK    
KBPP    
KBPT    
KBQK    
KBQP    
KBQX    
KBRD    
KBRL    
KBRO    
KBSI    
KBTA    
KBTL    
KBTM    
KBTP    
KBTR    
KBTV    
KBUB    
KBUF    
KBULA   
KBUM    
KBUO    
KBUR    
KBUU    
KBUY    
KBVE    
KBVI    
KBVN    
KBVO    
KBVS    
KBVU    
KBVX    
KBVY    
KBWD    
KBWG    
KBWI    
KBWP    
KBXK    
KBYG    
KBYH    
KBYI    
KBYS    
KBYY    
KBYZ    
KBZN    
KC09    
KC29    
KC35    
KC75    
KC96    
KC99    
KCAD    
KCADE   
KCAE    
KCAG    
KCAK    
KCAMB   
KCAO    
KCAR    
KCAV    
KCBE    
KCBF    
KCBG    
KCBK    
KCBM    
KCCA    
KCCO    
KCCR    
KCCU    
KCCY    
KCDA    
KCDC    
KCDD    
KCDH    
KCDJ    
KCDN    
KCDR    
KCDS    
KCDW    
KCEC    
KCEDR   
KCEF    
KCEU    
KCEW    
KCEY    
KCEZ    
KCFD    
KCFE    
KCFS    
KCFV    
KCG9    
KCGC    
KCGE    
KCGF    
KCGI    
KCGS    
KCGX    
KCGZ    
KCHA    
KCHD    
KCHES   
KCHH    
KCHK    
KCHO    
KCHS    
KCIC    
KCID    
KCIN    
KCIR    
KCIU    
KCJR    
KCKB    
KCKC    
KCKF    
KCKI    
KCKL    
KCKM    
KCKN    
KCKP    
KCKV    
KCLE    
KCLEM   
KCLI    
KCLIN   
KCLK    
KCLL    
KCLMB   
KCLM    
KCLS    
KCLT    
KCLW    
KCMA    
KCMB    
KCMD    
KCMH    
KCMI    
KCMR    
KCMX    
KCMY    
KCNB    
KCNC    
KCNI    
KCNI    
KCNK    
KCNM    
KCNO    
KCNU    
KCNY    
KCOD    
KCOE    
KCOF    
KCOM    
KCON    
KCOQ    
KCOS    
KCOT    
KCOU    
KCPC    
KCPK    
KCPR    
KCPS    
KCPT    
KCPW    
KCQB    
KCQC    
KCQF    
KCQM    
KCQT    
KCQV    
KCQW    
KCQX    
KCRE    
KCRG    
KCRH    
KCRP    
KCRQ    
KCRS    
KCRV    
KCRW    
KCRX    
KCSG    
KCSM    
KCSQ    
KCSV    
KCTB    
KCTJ    
KCTP    
KCTY    
KCTZ    
KCUB    
KCUH    
KCUL    
KCUMB   
KCUT    
KCVB    
KCVC    
KCVG    
KCVH    
KCVN    
KCVO    
KCVS    
KCVW    
KCVX    
KCWA    
KCWC    
KCWF    
KCWI    
KCWV    
KCXE    
KCXO    
KCXP    
KCXY    
KCYS    
KCZD    
KCZK    
KCZT    
KCZZ    
KD07    
KD15    
KD25    
KD39    
KD50    
KD55    
KD57    
KD60    
KD95    
KD99    
KDAA    
KDAB    
KDAG    
KDAL    
KDAN    
KDAW    
KDAY    
KDB9    
KDBN    
KDBQ    
KDCA    
KDCM    
KDCU    
KDCY    
KDD9    
KDDC    
KDDH    
KDEC    
KDED    
KDEH    
KDEN    
KDEN    
KDEQ    
KDET    
KDEW    
KDFI    
KDFW    
KDGW    
KDHN    
KDHT    
KDI9    
KDIJ    
KDIK    
KDKB    
KDKK    
KDKNC   
KDKR    
KDLF    
KDLH    
KDLL    
KDLN    
KDLP    
KDLS    
KDLZ    
KDMA    
KDMH    
KDMN    
KDMO    
KDMW    
KDMX    
KDNK    
KDNL    
KDNN    
KDNS    
KDNV    
KDOV    
KDP1    
KDPA    
KDPG    
KDPL    
KDQH    
KDR9    
KDRA    
KDRI    
KDRM    
KDRO    
KDRT    
KDSM    
KDSV    
KDTA    
KDTL    
KDTN    
KDTO    
KDTS    
KDTW    
KDTX    
KDUA    
KDUB    
KDUBS   
KDUC    
KDUG    
KDUH    
KDUJ    
KDUX    
KDVD    
KDVK    
KDVL    
KDVN    
KDVO    
KDVP    
KDVT    
KDWH    
KDWU    
KDWX    
KDXR    
KDXX    
KDXZ    
KDYB    
KDYL    
KDYR    
KDYS    
KDYT    
KDZB    
KDZJ    
KE11    
KE16    
KE23    
KE28    
KE33    
KE38    
KE74    
KE80    
KEA9    
KEAR    
KEAT    
KEAU    
KEAX    
KEBG    
KEBS    
KECG    
KECP    
KECS    
KECU    
KEDC    
KEDE    
KEDG    
KEDJ    
KEDMR   
KEDN    
KEDU    
KEDW    
KEED    
KEEN    
KEEO    
KEET    
KEFC    
KEFD    
KEFK    
KEFT    
KEGE    
KEGI    
KEGV    
KEHA    
KEHC    
KEHO    
KEHR    
KEHY    
KEIK    
KEIR    
KEKA    
KEKM    
KEKN    
KEKO    
KEKQ    
KELA    
KELD    
KELK    
KELM    
KELN    
KELO    
KELP    
KELY    
KELZ    
KEMK    
KEMM    
KEMP    
KEMPR   
KEMT    
KEMV    
KEND    
KENL    
KENTC   
KENTL   
KENV    
KENW1   
KENW    
KEOE    
KEOK    
KEPH    
KEPZ    
KEQA    
KEQY    
KERI    
KERV    
KERY    
KESC    
KESF    
KESN    
KEST    
KET9    
KETB    
KETC    
KETH    
KETM    
KEUF    
KEUG    
KEUL    
KEVB    
KEVM    
KEVV    
KEVW    
KEWB    
KEWK    
KEWN    
KEWR    
KEWX    
KEXX    
KEYE    
KEYF    
KEYW    
KEZF    
KEZM    
KEZS    
KF05    
KF17    
KF44    
KF46    
KF70    
KFAF    
KFAM    
KFAR    
KFARM   
KFAT    
KFAY    
KFBG    
KFBL    
KFBR    
KFCH    
KFCI    
KFCM    
KFCS    
KFCT    
KFDK    
KFDR    
KFDW    
KFDY    
KFENN   
KFEP    
KFET    
KFEW    
KFFA    
KFFC    
KFFL    
KFFM    
KFFO    
KFFT    
KFFX    
KFFZ    
KFGF    
KFGN    
KFGZ    
KFHB    
KFHR    
KFHU    
KFIG    
KFIN    
KFIT    
KFKA    
KFKL    
KFKN    
KFKR    
KFKS    
KFLD    
KFLEM   
KFLG    
KFLL    
KFLO    
KFLP    
KFLRN   
KFLV    
KFLY    
KFME    
KFMH    
KFMM    
KFMN    
KFMY    
KFN9    
KFNB    
KFNL    
KFNT    
KFOA    
KFOD    
KFOE    
KFOK    
KFOT    
KFOZ    
KFPK    
KFPR    
KFQD    
KFREM   
KFRG    
KFRI    
KFRM    
KFRR    
KFSD    
KFSE    
KFSI    
KFSM    
KFSO    
KFSR    
KFST    
KFSW    
KFTG    
KFTK    
KFTN    
KFTW    
KFTY    
KFUL    
KFVE    
KFVX    
KFWA    
KFWB    
KFWC    
KFWD    
KFWN    
KFWQ    
KFWS    
KFWZ    
KFXE    
KFXY    
KFYG    
KFYJ    
KFYM    
KFYV    
KFZG    
KFZY    
KGAD    
KGAF    
KGAG    
KGAI    
KGAO    
KGBD    
KGBG    
KGBK    
KGBN    
KGCC    
KGCD    
KGCK    
KGCM    
KGCN    
KGDB    
KGDJ    
KGDP    
KGDV    
KGED    
KGEG    
KGEU    
KGEV    
KGEY    
KGEZ    
KGFA    
KGFK    
KGFL    
KGGE    
KGGG    
KGGI    
KGGP    
KGGW    
KGHB    
KGHG    
KGHW    
KGIC    
KGID    
KGIF    
KGJCT   
KGJT    
KGKJ    
KGKT    
KGKY    
KGLAS   
KGLD    
KGLE    
KGLEN   
KGLH    
KGLR    
KGLS    
KGLW    
KGLY    
KGMJ    
KGMU    
KGNA    
KGNC    
KGNG    
KGNR    
KGNT    
KGNV    
KGO9    
KGOK    
KGON    
KGOO    
KGOP    
KGOV    
KGPH    
KGPI    
KGPM    
KGPT    
KGPZ    
KGRAM   
KGRAN   
KGRAY   
KGRB    
KGRD    
KGREE   
KGRF    
KGRI    
KGRK    
KGRML   
KGRN    
KGRR    
KGRY    
KGSB    
KGSG    
KGSH    
KGSO    
KGSP    
KGTB    
KGTF    
KGTR    
KGTU    
KGUC    
KGUL    
KGUP    
KGUR    
KGUS    
KGUY    
KGVE    
KGVL    
KGVT    
KGVW    
KGVX    
KGWB    
KGWO    
KGWR    
KGWW    
KGXF    
KGXY    
KGYB    
KGYH    
KGYI    
KGYL    
KGYR    
KGYX    
KGYY    
KGZH    
KGZL    
KH21    
KHAE    
KHAF    
KHAI    
KHAO    
KHARD   
KHART   
KHBB    
KHBG    
KHBI    
KHBR    
KHBV    
KHCA    
KHCD    
KHCO    
KHD9    
KHDC    
KHDE    
KHDN    
KHDO    
KHEF    
KHEI    
KHEND   
KHEQ    
KHEY    
KHEZ    
KHFD    
KHFF    
KHFJ    
KHGR    
KHGX    
KHH9    
KHHF    
KHHG    
KHHR    
KHHV    
KHHW    
KHIB    
KHIE    
KHIF    
KHII    
KHIO    
KHJH    
KHJO    
KHKA    
KHKS    
KHKY    
KHLC    
KHLG    
KHLN    
KHLR    
KHLX    
KHMM    
KHMN    
KHMS    
KHMZ    
KHNB    
KHND    
KHNR    
KHNX    
KHNZ    
KHOB    
KHOE    
KHON    
KHOP    
KHOT    
KHOU    
KHPN    
KHQI    
KHQM    
KHQU    
KHQZ    
KHR9    
KHRI    
KHRJ    
KHRL    
KHRO    
KHRT    
KHRX    
KHSA    
KHSB    
KHSE    
KHSI    
KHSP    
KHSS    
KHST    
KHSV    
KHTH    
KHTL    
KHTO    
KHTS    
KHUA    
KHUDS   
KHUF    
KHUL    
KHUM    
KHUN    
KHUT    
KHVE    
KHVN    
KHVR    
KHVS    
KHWD    
KHWO    
KHWV    
KHWY    
KHXD    
KHYA    
KHYI    
KHYR    
KHYS    
KHYW    
KHYX    
KHZE    
KHZL    
KHZR    
KHZX    
KHZY    
KI16    
KI35    
KI39    
KI63    
KI67    
KI69    
KI75    
KIAB    
KIAD    
KIAG    
KIAH    
KIBM    
KICL    
KICR    
KICT    
KIDA    
KIDI    
KIDP    
KIEN    
KIER    
KIFA    
KIFP    
KIGM    
KIGQ    
KIGX    
KIIB    
KIIY    
KIJD    
KIJX    
KIKK    
KIKR    
KIKT    
KIKV    
KIKW    
KILE    
KILG    
KILL    
KILM    
KILN    
KILX    
KIML    
KIMS    
KIMT    
KIND    
KINF    
KINJ    
KINK    
KINL    
KINS    
KINT    
KINW    
KIOB    
KIOW    
KIPJ    
KIPL    
KIPN    
KIPT    
KIRK    
KIRS    
KISM    
KISN    
KISO    
KISP    
KISQ    
KISW    
KITH    
KITR    
KIWA    
KIWD    
KIWI    
KIWS    
KIWX    
KIXA    
KIXD    
KIYA    
KIYK    
KIZA    
KIZG    
KJAC    
KJAN    
KJAS    
KJAX    
KJBR    
KJCT    
KJDD    
KJDN    
KJEF    
KJER    
KJES    
KJFK    
KJFX    
KJFZ    
KJGG    
KJHN    
KJHW    
KJKA    
KJKJ    
KJKL    
KJLN    
KJMR    
KJMS    
KJNW    
KJNX    
KJOHN   
KJONS   
KJOT    
KJQF    
KJSO    
KJST    
KJSV    
KJVL    
KJVW    
KJWG    
KJWX    
KJWY    
KJXI    
KJXN    
KJYG    
KJYL    
KJYM    
KJYO    
KJYR    
KJZI    
KK46    
KKLG    
KKLS    
KL18    
KL35    
KL38    
KL63    
KL75    
KL96    
KLAA    
KLAF    
KLAL    
KLAM    
KLAN    
KLAR    
KLAS    
KLAU    
KLAW    
KLAX    
KLBB    
KLBE    
KLBF    
KLBL    
KLBR    
KLBT    
KLBX    
KLCG    
KLCH    
KLCI    
KLCK    
KLCQ    
KLDJ    
KLDM    
KLEB    
KLEE    
KLELA   
KLEW    
KLEX    
KLFI    
KLFK    
KLFT    
KLGA    
KLGB    
KLGC    
KLGD    
KLGU    
KLHB    
KLHM    
KLHQ    
KLHU    
KLHW    
KLHX    
KLHZ    
KLIC    
KLIND   
KLIT    
KLIX    
KLIY    
KLIZ    
KLJF    
KLKCT   
KLKN    
KLKR    
KLKU    
KLKV    
KLLJ    
KLLQ    
KLMK    
KLMO    
KLMS    
KLMT    
KLNC    
KLND    
KLNK    
KLNL    
KLNN    
KLNP    
KLNR    
KLNS    
KLOI    
KLOL    
KLOM    
KLONG   
KLOR    
KLOT    
KLOU    
KLOX    
KLOZ    
KLPC    
KLPR    
KLQK    
KLRD    
KLRF    
KLRJ    
KLRO    
KLRU    
KLSB    
KLSE    
KLSF    
KLSV    
KLSX    
KLTS    
KLUA    
KLUB    
KLUDI   
KLUD    
KLUF    
KLUK    
KLUL    
KLUM    
KLUX    
KLVJ    
KLVK    
KLVL    
KLVM    
KLVN    
KLVS    
KLWA    
KLWB    
KLWC    
KLWD    
KLWM    
KLWS    
KLWT    
KLWV    
KLWX    
KLXL    
KLXN    
KLXT    
KLXV    
KLXY    
KLYH    
KLYV    
KLZK    
KLZU    
KLZZ    
KM19    
KM25    
KM30    
KM40    
KM46    
KM63    
KM89    
KM91    
KMAE    
KMAF    
KMAI    
KMAN    
KMAO    
KMAPL   
KMAYF   
KMBG    
KMBL    
KMBS    
KMC2    
KMCB    
KMCC    
KMCD    
KMCE    
KMCF    
KMCI    
KMCJ    
KMCK    
KMCN    
KMCO    
KMCW    
KMCX    
KMDD    
KMDH    
KMDJ    
KMDQ    
KMDS    
KMDT    
KMDW    
KMDZ    
KMEAR   
KMEB    
KMEG    
KMEH    
KMEI    
KMEM    
KMERE   
KMER    
KMERW   
KMEV    
KMEW4   
KMEZ    
KMF9    
KMFD    
KMFE    
KMFI    
KMFL    
KMFR    
KMFV    
KMGC    
KMGE    
KMGG    
KMGJ    
KMGL    
KMGM    
KMGN    
KMGR    
KMGW    
KMGY    
KMHE    
KMHK    
KMHL    
KMHN    
KMHR    
KMHS    
KMHT    
KMHUN   
KMHUS   
KMHV    
KMHX    
KMI1    
KMIA    
KMIB    
KMIC    
KMIE    
KMIS    
KMIU    
KMIV    
KMIW    
KMJQ    
KMJX    
KMKC    
KMKE    
KMKG    
KMKJ    
KMKL    
KMKN    
KMKO    
KMKS    
KMKT    
KMKX    
KMKY    
KMLB    
KMLC    
KMLD    
KMLE    
KMLF    
KMLI    
KMLJ    
KMLP    
KMLRF   
KMLS    
KMLT    
KMLU    
KMMH    
KMMI    
KMMIC   
KMMIN   
KMMIS   
KMMK    
KMML    
KMMO    
KMMT    
KMMU    
KMMV    
KMNBT   
KMNE    
KMNH    
KMNI    
KMNM    
KMNN    
KMNZ    
KMOB    
KMOD    
KMONE   
KMONW   
KMOP    
KMOT    
KMOX    
KMPO    
KMPV    
KMPX    
KMPZ    
KMQB    
KMQE    
KMQI    
KMQJ    
KMQM    
KMQS    
KMQT    
KMQY    
KMR9    
KMRA    
KMRB    
KMRC    
KMRF    
KMRH    
KMRJ    
KMRN    
KMRT    
KMRW4   
KMRX    
KMRY    
KMSL    
KMSN    
KMSO    
KMSP    
KMSS    
KMSUC   
KMSUE   
KMSUH   
KMSUW   
KMSV    
KMSY    
KMTC    
KMTH    
KMTJ    
KMTN    
KMTO    
KMTP    
KMTR    
KMTR    
KMTV    
KMTW    
KMUI    
KMULL   
KMUO    
KMUT    
KMVE    
KMVH    
KMVL    
KMVN    
KMVY    
KMWA    
KMWC    
KMWH    
KMWK    
KMWL    
KMWM    
KMWN    
KMWO    
KMWS    
KMWT    
KMXF    
KMXO    
KMYF    
KMYL    
KMYP    
KMYR    
KMYRT   
KMYT    
KMYV    
KMYZ    
KMZG    
KMZH    
KMZJ    
KMZZ    
KN03    
KN38    
KN5G    
KN60    
KN78    
KN91    
KNAK    
KNAO    
KNBC    
KNBE    
KNBG    
KNBT    
KNC1    
KNCA    
KNDZ    
KNEL    
KNEW    
KNFE    
KNFG    
KNFL    
KNFW    
KNGP    
KNGU    
KNGW    
KNGZ    
KNHK    
KNHZ    
KNID    
KNIP    
KNIR    
KNJK    
KNJM    
KNKT    
KNKX    
KNLC    
KNMM    
KNMT    
KNNCR   
KNOG    
KNOW    
KNPA    
KNQA    
KNQI    
KNQX    
KNRB    
KNRC    
KNRS    
KNS9    
KNSE    
KNSI    
KNTD    
KNTK    
KNTU    
KNUC    
KNUI    
KNUNI   
KNUQ    
KNUW    
KNWF    
KNXF    
KNXP    
KNXX    
KNYC    
KNYG    
KNYL    
KNZJ    
KNZW    
KNZY    
KO22    
KO54    
KO69    
KO86    
KO87    
KOAJ    
KOAK    
KOAR    
KOAX    
KOBE    
KOCF    
KOCH    
KOCQ    
KOCW    
KODO    
KODX    
KOEB    
KOEO    
KOFF    
KOFK    
KOFP    
KOGA    
KOGB    
KOGD    
KOGS    
KOHX    
KOJA    
KOJC    
KOKB    
KOKC    
KOKH    
KOKK    
KOKM    
KOKMO   
KOKV    
KOKX    
KOLE    
KOLF    
KOLG    
KOLM    
KOLS    
KOLU    
KOLV    
KOLY    
KOLZ    
KOMA    
KOMH    
KOMK    
KOMN    
KONA    
KONL    
KONM    
KONO    
KONP    
KONT    
KONX    
KONZ    
KOOA    
KOOI1   
KOPF    
KOPL    
KOPM    
KOPN    
KOQT    
KOQU    
KOR6    
KORAN   
KORB    
KORC    
KORD    
KORE    
KORF    
KORG    
KORH    
KORL    
KORS    
KOSA    
KOSC    
KOSH    
KOSU    
KOTG    
KOTH    
KOTM    
KOTX    
KOUN    
KOV9    
KOVE    
KOVL    
KOVN    
KOVS    
KOWA    
KOWB    
KOWD    
KOWP    
KOWY    
KOXB    
KOXC    
KOXI    
KOXR    
KOXV    
KOZA    
KOZR    
KOZW    
KP00    
KP02    
KP07    
KP08    
KP21    
KP22    
KP24    
KP25    
KP26    
KP28    
KP30    
KP35    
KP38    
KP39    
KP53    
KP58    
KP59    
KP60    
KP61    
KP65    
KP67    
KP68    
KP69    
KP70    
KP73    
KP75    
KP88    
KP92    
KPAE    
KPAH    
KPAM    
KPAN    
KPAO    
KPAWP   
KPBF    
KPBG    
KPBH    
KPBI    
KPBX    
KPBX    
KPBZ    
KPCM    
KPCW    
KPCZ    
KPDC    
KPDK    
KPDT    
KPDX    
KPEAC   
KPEA    
KPEF    
KPEND   
KPEO    
KPEQ    
KPES    
KPEX    
KPEZ    
KPFN    
KPGA    
KPGD    
KPGL    
KPGO    
KPGV    
KPHD    
KPHF    
KPHI    
KPHL    
KPHN    
KPHP    
KPHT    
KPHX    
KPIA    
KPIB    
KPIE    
KPIH    
KPIL    
KPIR    
KPIT    
KPKB    
KPKD    
KPKV    
KPL9    
KPLB    
KPLN    
KPLU    
KPMD    
KPMP    
KPMV    
KPNA    
KPNC    
KPNE    
KPNM    
KPNS    
KPNT    
KPOB    
KPOC    
KPOE    
KPOF    
KPOM    
KPOU    
KPOV    
KPOY    
KPPA    
KPPF    
KPPO    
KPPQ    
KPQI    
KPQL    
KPQN    
KPQR    
KPRB    
KPRC    
KPRG    
KPRHI   
KPRIN   
KPRN    
KPRO    
KPRS    
KPRX    
KPSB    
KPSC    
KPSF    
KPSK    
KPSM    
KPSN    
KPSO    
KPSP    
KPSR    
KPSX    
KPTB    
KPTK    
KPTN    
KPTS    
KPTT    
KPTV    
KPTW    
KPUB    
KPUC    
KPUJ    
KPUW    
KPVB    
KPVC    
KPVD    
KPVE    
KPVF    
KPVG    
KPVJ    
KPVU    
KPVW    
KPW9    
KPWA    
KPWC    
KPWE    
KPWG    
KPWK    
KPWM    
KPWT    
KPXE    
KPYM    
KPYX    
KPZQ    
KQA4    
KQA7    
KQAA    
KQAB    
KQAC    
KQAD    
KQAE    
KQAH    
KQAJ    
KQAO    
KQAQ    
KQAR    
KQAV    
KQAX    
KQAY    
KQAZ    
KQB6    
KQB7    
KQB8    
KQBF    
KQBJ    
KQBL    
KQBN    
KQBR    
KQBS    
KQBV    
KQBW    
KQC3    
KQCC    
KQCJ    
KQCK    
KQCN    
KQCO    
KQCQ    
KQCT    
KQD2    
KQD9    
KQDD    
KQDG    
KQDM    
KQDP    
KQDX    
KQEZ    
KQFA    
KQFM    
KQFN    
KQFO    
KQFQ    
KQFS    
KQGE    
KQGR    
KQGV    
KQGX    
KQHA    
KQHE    
KQHN    
KQHT    
KQHW    
KQHY    
KQIH    
KQII    
KQIP    
KQIR    
KQIU    
KQIZ    
KQJQ    
KQKF    
KQKG    
KQKO    
KQKU    
KQL5    
KQLB    
KQLD    
KQLE    
KQLT    
KQLX    
KQLY    
KQM1    
KQMA    
KQMG    
KQMH    
KQML    
KQNB    
KQNC    
KQND    
KQNL    
KQNN    
KQNS    
KQNY    
KQOL    
KQON    
KQOO    
KQOS    
KQOW    
KQOX    
KQPA    
KQPC    
KQPD    
KQQK    
KQQL    
KQQM    
KQQN    
KQQR    
KQQS    
KQQY    
KQRH    
KQRY    
KQSA    
KQSB    
KQSC    
KQSD    
KQSE    
KQSL    
KQSR    
KQTD    
KQTI    
KQTO    
KQTU    
KQTW    
KQTX    
KQTZ    
KQUB    
KQUC    
KQUD    
KQUIC   
KQUK    
KQVE    
KQVF    
KQVO    
KQWL    
KQWM    
KQXJ    
KQXT    
KQYK    
KQYU    
KQYV    
KQYX    
KRAC    
KRAD    
KRAH    
KRAL    
KRAP    
KRAS    
KRBD    
KRBG    
KRBL    
KRBO    
KRBW    
KRCA    
KRCE    
KRCM    
KRCR    
KRCX    
KRCZ    
KRDD    
KRDG    
KRDK    
KRDM    
KRDR    
KRDU    
KREE    
KREJ    
KREO    
KREV    
KRFD    
KRFI    
KRGK    
KRHI    
KRHP    
KRHV    
KRIC    
KRIE    
KRIL    
KRIV    
KRIW    
KRJD    
KRKD    
KRKP    
KRKR    
KRKS    
KRLX    
KRME    
KRMG    
KRMN    
KRMT    
KRMY    
KRNC    
KRND    
KRNH    
KRNK    
KRNM    
KRNO    
KRNP    
KRNT    
KRNV    
KROA    
KROC    
KROG    
KROS    
KROW    
KROX    
KRPD    
KRPH    
KRPJ    
KRQB    
KRQE    
KRQO    
KRR9    
KRRF    
KRRL    
KRRT    
KRSL    
KRSN    
KRSP    
KRST    
KRSV    
KRSW    
KRTN    
KRTS    
KRUE    
KRUFF   
KRUG    
KRUQ    
KRUT    
KRVS    
KRWF    
KRWI    
KRWL    
KRWV    
KRWW4   
KRXE    
KRYN    
KRYT    
KRYV    
KRYW    
KRYY    
KRZL    
KRZN    
KRZT    
KRZZ    
KS06    
KS14    
KS25    
KS29    
KS32    
KS39    
KS47    
KS59    
KS68    
KS72    
KS80    
KS91    
KSAA    
KSAC    
KSAD    
KSAF    
KSAN    
KSAR    
KSAT    
KSAUF   
KSAV    
KSAW    
KSAZ    
KSBA    
KSBD    
KSBM    
KSBN    
KSBO    
KSBP    
KSBS    
KSBY    
KSCD    
KSCF    
KSCH    
KSCK    
KSCR    
KSDA    
KSDB    
KSDF    
KSDL    
KSDM    
KSDY    
KSEA    
KSEE    
KSEG    
KSEM    
KSEP    
KSET    
KSEW    
KSEZ    
KSFB    
KSFD    
KSFF    
KSFM    
KSFO    
KSFQ    
KSFY    
KSFZ    
KSGF    
KSGH    
KSGJ    
KSGR    
KSGS    
KSGT    
KSGU    
KSGX    
KSHD    
KSHIL   
KSHL    
KSHN    
KSHR    
KSHV    
KSIF    
KSIY    
KSJC    
KSJN    
KSJS    
KSJS    
KSJT    
KSJX    
KSKA    
KSKF    
KSKX    
KSLB    
KSLC    
KSLE    
KSLG    
KSLH    
KSLI    
KSLK    
KSLN    
KSLO    
KSLR    
KSME    
KSMF    
KSMN    
KSMO    
KSMP    
KSMQ    
KSMS    
KSMX    
KSNA    
KSNC    
KSNH    
KSNK    
KSNL    
KSNS    
KSNT    
KSNY    
KSOA    
KSODU   
KSOME   
KSOP    
KSOW    
KSPA    
KSPB    
KSPD    
KSPF    
KSPG    
KSPI    
KSPL    
KSPR    
KSPS    
KSPW    
KSQE    
KSQI    
KSQL    
KSRB    
KSRC    
KSRE    
KSRF    
KSRQ    
KSRR    
KSS9    
KSSC    
KSSF    
KSSI    
KSSPR   
KSSU    
KST9    
KSTC    
KSTE    
KSTF    
KSTJ    
KSTK    
KSTL    
KSTNV   
KSTO    
KSTP    
KSTS    
KSTZ    
KSUA    
KSUE    
KSUN    
KSUS    
KSUT    
KSUU    
KSUW    
KSUX    
KSVC    
KSVE    
KSVH    
KSVN    
KSWF    
KSWO    
KSWW    
KSXC    
KSXS    
KSXT    
KSYF    
KSYI    
KSYM    
KSYM    
KSYN    
KSYR    
KSZL    
KSZN    
KSZT    
KT01    
KT02    
KT02    
KT03    
KT03    
KT04    
KT04    
KT05    
KT05    
KT06    
KT07    
KT08    
KT08    
KT20    
KT35    
KT43    
KT62    
KT65    
KT82    
KTAD    
KTAE    
KTAN    
KTAZ    
KTBN    
KTBR    
KTBW    
KTBX    
KTCC    
KTCL    
KTCM    
KTCS    
KTDF    
KTDO    
KTDR    
KTDZ    
KTEB    
KTERE   
KTEW    
KTEX    
KTFP    
KTFX    
KTGI    
KTHA    
KTHV    
KTIF    
KTIK    
KTIP    
KTIPT   
KTIW    
KTIX    
KTKC    
KTKI    
KTKV    
KTLH    
KTMA    
KTMB    
KTME    
KTMK    
KTNB    
KTNU    
KTNX    
KTOA    
KTOB    
KTOC    
KTOI    
KTOL    
KTOP    
KTOR    
KTPA    
KTPF    
KTPH    
KTPL    
KTQE    
KTQH    
KTRI    
KTRK    
KTRL    
KTRM    
KTSA    
KTSP    
KTTA    
KTTD    
KTTF    
KTTN    
KTTS    
KTUL    
KTUP    
KTUS    
KTVC    
KTVF    
KTVI    
KTVK    
KTVL    
KTVR    
KTWC    
KTWF    
KTWM    
KTXK    
KTYQ    
KTYR    
KTYS    
KTZR    
KU16    
KU17    
KU24    
KU28    
KU31    
KU33    
KU42    
KU67    
KU68    
KU71    
KU78    
KUAO    
KUBE    
KUCA    
KUCC    
KUCP    
KUCY    
KUDG    
KUES    
KUGN    
KUIL    
KUIN    
KUKF    
KUKI    
KUKL    
KUKT    
KULM    
KUNI    
KUNO    
KUNR    
KUNU    
KUNV    
KUOX    
KUP9    
KUSE    
KUTA    
KUTAW   
KUTS    
KUUU    
KUVA    
KUXL    
KUYF    
KUZA    
KVAD    
KVAF    
KVAY    
KVBG    
KVBS    
KVBT    
KVBW    
KVCB    
KVCT    
KVCV    
KVDF    
KVDI    
KVDW    
KVEF    
KVEL    
KVER    
KVERS   
KVES    
KVGT    
KVIH    
KVINC   
KVIS    
KVJI    
KVKS    
KVKY    
KVLA    
KVLD    
KVLET   
KVLL    
KVNC    
KVNP    
KVNY    
KVOA    
KVOK    
KVPC    
KVPS    
KVPZ    
KVQQ    
KVQT    
KVRB    
KVSF    
KVTA    
KVTI    
KVTN    
KVTP    
KVUJ    
KVUO    
KVVG    
KVVV    
KVWU    
KVYS    
KW06    
KW13    
KW22    
KW29    
KW31    
KW43    
KW51    
KW63    
KW66    
KW75    
KW78    
KW81    
KW96    
KW99    
KWADN   
KWAL    
KWDG    
KWDR    
KWEY    
KWHP    
KWILL   
KWJF    
KWLAF   
KWLD    
KWLEB   
KWMC    
KWMIL   
KWMUK   
KWRB    
KWRI    
KWRL    
KWSAN   
KWST    
KWVI    
KWVL    
KWWD    
KWWR    
KWYS    
KX40    
KX53    
KX82    
KX84    
KX89    
KXBP    
KXFL    
KXIH    
KXLL    
KXMR    
KXNA    
KXPY    
KXSA    
KXVG    
KXVW    
KY19    
KY22    
KY23    
KY49    
KY50    
KY51    
KY63    
KY70    
KYIP    
KYKM    
KYKN    
KYNG    
KYORK   
KYUM    
KZUN    
KZZV    
LCKM8   
LELC2   
LKIC2   
LMHM8   
LPPW4   
LTWW4   
LVRM8   
LWTM8   
LYBM8   
MACC    
MALC1   
MANM8   
MAZG    
MBFS    
MBHO    
MBPV    
MCBO    
MCBQ    
MCCG    
MCCL    
MCDQ2   
MCEN    
MCLT    
MCMD    
MCME    
MCPE    
MCSP    
MCTM    
MCUL    
MCUN    
MCVM    
MCZM    
MDBH    
MDDW4   
MDGO    
MDHC2   
MDHE    
MDLR    
MDPC    
MDPP    
MDSD    
MDST    
MEZY    
MGCB    
MGDL    
MGFL    
MGGT    
MGHT    
MGMM    
MGPB    
MGPP    
MGQZ    
MGRT    
MGSJ    
MGTK    
MGYM    
MGZA    
MHAM    
MHCA    
MHCH    
MHLC    
MHLE    
MHLM    
MHNJ    
MHNO    
MHPL    
MHRO    
MHSC    
MHSR    
MHTE    
MHTG    
MHTR    
MHYR    
MIMA    
MISM1   
MISX    
MITO3   
MIZT    
MJBQ    
MKCG    
MKJP    
MKJS    
MKJT    
MKPA    
MKPB    
MKPE    
MKPK    
MKPT    
MLAP    
MLEB    
MLEO    
MLGT    
MLKM    
MLLT    
MLMB    
MLMM    
MLTM    
MLTO    
MLZC    
MMAA    
MMAN    
MMAS    
MMBT    
MMCB    
MMCE    
MMCL    
MMCM    
MMCN    
MMCP    
MMCS    
MMCT    
MMCU    
MMCV    
MMCZ    
MMDO    
MMEP    
MMEX    
MMGL    
MMGM    
MMHO    
MMIA    
MMID    
MMIO    
MMIT    
MMLG    
MMLM    
MMLM    
MMLO    
MMLP    
MMLT    
MMMA    
MMMD    
MMML    
MMMM    
MMMT    
MMMV    
MMMX    
MMMY    
MMMZ    
MMNL    
MMOX    
MMPA    
MMPB    
MMPG    
MMPN    
MMPR    
MMPS    
MMQT    
MMRX    
MMSD    
MMSP    
MMTB    
MMTC    
MMTG    
MMTJ    
MMTL    
MMTM    
MMTN    
MMTO    
MMTP    
MMTX    
MMTY    
MMUN    
MMVA    
MMVR    
MMZC    
MMZH    
MMZL    
MMZO    
MMZT    
MNAU    
MNBL    
MNCH    
MNJG    
MNJU    
MNLD    
MNMG    
MNOG    
MNPC    
MNPM8   
MNRS    
MOOM    
MOOO    
MPBO    
MPCH    
MPCL1   
MPDA    
MPFS    
MPHO    
MPLM8   
MPLP    
MPMG    
MPNO    
MPOA    
MPPE    
MPRH    
MPSA    
MPTL    
MPTO    
MPVR    
MPZA    
MRCH    
MRLB    
MRLM    
MRNC    
MROC    
MRPT    
MRPV    
MRQW4   
MSAC    
MSLP    
MSSA    
MSSM    
MSSS    
MTAM    
MTCH    
MTCN    
MTEQ    
MTKM8   
MTPP    
MUCA    
MUCC    
MUCF    
MUCL    
MUCM    
MUCU    
MUGM    
MUHA    
MUHG    
MUMZ    
MUSC    
MUVR    
MVAC    
MVBC    
MVBM    
MVBS    
MVCB    
MVCC    
MVCR    
MVER    
MVGI    
MVGU    
MVMC    
MVMD    
MVMG    
MVMI    
MVPA    
MVPQ    
MVSA    
MVSE    
MVSR    
MVTM    
MWCB    
MWCG    
MWCR    
MXKF    
MYEF    
MYEG    
MYGF    
MYNN    
MZBZ    
MZIH    
NCAI    
NCMH    
NCPY    
NCRG    
NDRQ2   
NEVM8   
NFFN    
NFNA    
NFTF    
NFTL    
NFTV    
NGFU    
NGTT    
NIUE    
NIWC2   
NORM8   
NSFA    
NSTU    
NTAA    
NUTU1   
NVVV    
NWWL    
NWWW    
NZAA    
NZCH    
NZIR    
NZPG    
NZSP    
NZWD    
NZWN    
OGDU1   
OLDW4   
OLWW4   
ORGA3   
OURC2   
OURU1   
OVDM8   
P5AI    
P5CD    
P5HN    
PAAD    
PAAK    
PAAP    
PAAQ    
PABA    
PABE    
PABI    
PABL    
PABN    
PABR    
PABT    
PABV    
PACA    
PACD    
PACE    
PACE    
PACM    
PACP    
PACR    
PACR    
PACS    
PACV    
PACY    
PACZ    
PADE    
PADK    
PADL    
PADM    
PADQ    
PADT    
PADU    
PAEC    
PAED    
PAEG    
PAEH    
PAEI    
PAEL    
PAEM    
PAEN    
PAER    
PAFA    
PAFB    
PAFC    
PAFE    
PAFG    
PAFK    
PAFM    
PAFR    
PAFS    
PAFV    
PAFW    
PAGA    
PAGB    
PAGH    
PAGK    
PAGL    
PAGM    
PAGN    
PAGS    
PAGY    
PAHC    
PAHE    
PAHL    
PAHN    
PAHO    
PAHP    
PAHV    
PAHX    
PAHY    
PAHZ    
PAIG    
PAII    
PAIK    
PAIL    
PAIM    
PAIN    
PAIW    
PAJB    
PAJC    
PAJK    
PAJN    
PAJO    
PAJV    
PAJZ    
PAKF    
PAKH    
PAKI    
PAKK    
PAKN    
PAKO    
PAKP    
PAKT    
PAKU    
PAKV    
PAKW    
PALG    
PALH    
PALJ    
PALK    
PALP    
PALR    
PALU    
PALV    
PAMB    
PAMC    
PAMD    
PAMH    
PAMK    
PAML    
PAMM    
PAMO    
PAMR    
PAMX    
PAMY    
PANC    
PANI    
PANN    
PANR    
PANT    
PANV    
PANW    
PAOH    
PAOM    
PAOO    
PAOR    
PAOT    
PAOU    
PAPB    
PAPC    
PAPG    
PAPH    
PAPM    
PAPN    
PAPO    
PAPP    
PAPT    
PAQH    
PAQT    
PARC    
PARD    
PARL    
PARS    
PARY    
PASA    
PASC    
PASD    
PASH    
PASI    
PASK    
PASL    
PASM    
PASN    
PASO    
PASP    
PASS    
PAST    
PASV    
PASW    
PASX    
PASY    
PATA    
PATC    
PATE    
PATG    
PATK    
PATL    
PATO    
PATQ    
PATU    
PATW    
PAUD    
PAUM    
PAUN    
PAUO    
PAUT    
PAVA    
PAVC    
PAVD    
PAVL    
PAVW    
PAWD    
PAWG    
PAWI    
PAWM    
PAWN    
PAWR    
PAWS    
PAXK    
PAYA    
PAZK    
PBGQ    
PCGA    
PCKM8   
PCXF    
PDTK    
PERO    
PFCL    
PFEL    
PFIV    
PFKF    
PFKT    
PFKW    
PFNO    
PFSH    
PFYU    
PGRO    
PGSC2   
PGSN    
PGUA    
PGUM    
PGWT    
PHBK    
PHFO    
PHHI    
PHHN    
PHIK    
PHJH    
PHJR    
PHKO    
PHKP    
PHLI    
PHMK    
PHMU    
PHNG    
PHNL    
PHNM    
PHNY    
PHOG    
PHSF    
PHTC2   
PHTO    
PHVY    
PINW4   
PJON    
PKMJ    
PKMR    
PKOA    
PKPH    
PKWA    
PLCH    
PLCM8   
PLVD    
PMDY    
PMOS    
PMUY    
POLN    
PONC2   
PPIT    
PPIZ    
PPRT    
PRKW4   
PRPC2   
PRPM8   
PSKJ    
PSMA    
PTKK    
PTKR    
PTPN    
PTRO    
PTSA    
PTTP    
PTYA    
PVIK    
PVRO3   
PWAA    
PWAK    
PWDW4   
PZ27    
RADQ2   
RESC2   
RIFU1   
RKPM8   
RNGC2   
RNHW4   
ROAC2   
ROCM8   
SBCW4   
SCRW4   
SCSC2   
SDMM8   
SEDA3   
SFDU1   
SFSM8   
SGTC2   
SGUU1   
SHCM8   
SHOI1   
SLAW4   
SLNI1   
SNLW4   
SNVC1   
SPIA3   
SPMW1   
SPRM8   
SPSW4   
SRSW4   
SSPC2   
SUCW4   
SUMC2   
SUPM8   
SVNW1   
SYLW4   
SYRW4   
TAPA    
TBPB    
TDCF    
TDPD    
TELC2   
TFFF    
TFFR    
TGPY    
THUW4   
TIBM8   
TICW4   
TIST    
TISX    
TJBQ    
TJIG    
TJMZ    
TJNR    
TJPS    
TJSJ    
TKPK    
TKPN    
TLPC    
TLPL    
TNCA    
TNCB    
TNCC    
TNCE    
TNCM    
TOMA3   
TOPW4   
TPEM8   
TQPF    
TRPM    
TSJU    
TTCP    
TTPP    
TTPT    
TUPJ    
TVSV    
TWNW4   
TXKF    
UBKW1   
UEEE    
UELL    
UHHH    
UHMA    
UHMD    
UHMM    
UHNN    
UHPP    
UHSS    
UVCC2   
VAVQ2   
VLRC2   
WALM8   
WBSW4   
WEYM8   
WHRU1   
WHTM8   
WLLC2   
WLVW4   
WNDW4   
WPKW4   
WPRC2   
WRRW4   
WSKM8   
WWPI1   
YOUW4   
YRSC2   
ZNPU1   
99999999
99999999
